------config---------
robotname	ibuki
driveunits	50
------defaults-------
1	_SHOULDER_RIGHT_PITCH	797.61
2	_SHOULDER_LEFT_PITCH	309.8063396
3	_NECK_UNIQUE_ROLL	490.3749724
4	_NECK_UNIQUE_YAW	504.7566152
5	_NECK_UNIQUE_PITCH	735.0888093
6	_ARML_UPPER_ROLL	738.8540794
7	_ARML_UPPER_YAW	531.4619625
8	_ARML_MIDDLE_PITCH	495.3
9	_ARML_MIDDLE_YAW	499.4262404
10	_ARML_EDGE_ROLL	531.4619625
11	_ARMR_UPPER_ROLL	249.8734289
12	_ARMR_UPPER_YAW	546.2346196
13	_ARMR_MIDDLE_PITCH	477.4051819
14	_ARMR_MIDDLE_YAW	502.1760198
15	_ARMR_EDGE_ROLL	482.6542999
16	_HANDL_THUMB_PITCH	429
17	_HANDL_INDEX_PITCH	377
18	_HANDL_MIDDLE_PITCH	390
19	_HANDL_RING_PITCH	390
20	_HANDL_LITTLE_PITCH	418
21	_HANDR_THUMB_PITCH	606
22	_HANDR_INDEX_PITCH	653
23	_HANDR_MIDDLE_PITCH	676
24	_HANDR_RING_PITCH	629
25	_HANDR_LITTLE_PITCH	594
26	_HEADL_OPHRYON_VERT	350
27	_HEADL_EYELID_UP	430
28	_HEADL_EYELID_DOWN	420
29	_HEADL_FACER_TENSE	429
30	_HEADL_FACEL_TENSE	554
31	_HEADC_EYEBROWR_VERT	340
32	_HEADC_EYEBROWL_VERT	630
33	_HEADC_EYER_YAW	490
34	_HEADC_EYEL_YAW	485
35	_HEADC_EYES_PITCH	360
36	_HEADR_LIPUP_REACH	506
37	_HEADR_LIPDOWN_REACH	540
38	_HEADR_MOUTHR_OPEN	450
39	_HEADR_MOUTHL_OPEN	600
40	_HEADR_CHIN_ROLL	470
41	_HIP_UNIQUE_PITCH	488.3280044
42	_HIP_UNIQUE_ROLL	479.8218853
43	_HIP_UNIQUE_YAW	495.6953142
44	_HIP_NULL_NULL	0
45	_HIP_NULL_NULL	0
46	_WHEEL_UNIQUE_VERT	450
47	_WHEEL_UNIQUE_STEEL	500
48	_WHEEL_UNIQUE_SPEED	500
49	_WHEEL_UNIQUE_BREAK	500
50	_WHEEL_NULL_NULL	500
